=== RUN   TestAllInOne
    all_in_one_test.go:80: Server detected at http://0.0.0.0:16686
=== RUN   TestAllInOne/healthCheckV2
    all_in_one_test.go:99: V2-HealthCheck Server detected at http://0.0.0.0:13133/status
=== RUN   TestAllInOne/checkWebUI
    all_in_one_test.go:103: Executing HTTP GET http://0.0.0.0:16686/
=== RUN   TestAllInOne/checkWebUI/Static_files
    all_in_one_test.go:124: 
        	Error Trace:	C:/Users/User/Desktop/in/jaeger/cmd/jaeger/internal/all_in_one_test.go:124
        	Error:      	"[]" should have 2 item(s), but has 0
        	Test:       	TestAllInOne/checkWebUI/Static_files
=== RUN   TestAllInOne/checkWebUI/React_app
    all_in_one_test.go:135: 
        	Error Trace:	C:/Users/User/Desktop/in/jaeger/cmd/jaeger/internal/all_in_one_test.go:135
        	Error:      	"<!DOCTYPE html>\r\n<html lang=\"en\">\r\n    <meta charset=\"UTF-8\">\r\n    <base href=\"/\" data-inject-target=\"BASE_URL\"/>\r\n    <title>Test Page</title>\r\n    <body style=\"max-width: 700px; margin: 0 auto;\">\r\n        <h1>≡ƒÑï: This is not the Jaeger UI you are looking for!</h1>\r\n        <p>\r\n            This is a placeholder for the Jaeger UI home page.\r\n            If you are seeing this, you are running a binary that was not compiled with the UI assets.\r\n            See <a href=\"https://github.com/jaegertracing/jaeger/blob/main/CONTRIBUTING.md#running-local-build-with-the-ui\">these instructions</a>.\r\n        </p>\r\n        <h1>UI configuration</h1>\r\n        <p>\r\n            The section below emulates the corresponding content in <b>jaeger-ui/packages/jaeger-ui/index.html</b>\r\n            which contains placeholders that are replaced on startup by the query-service in order to customize\r\n            the UI configuration.\r\n            See <a href=\"https://github.com/jaegertracing/jaeger-ui/tree/main/packages/jaeger-ui#configuration\">README</a> for more details.\r\n        </p>\r\n        <!-- exact variable names below are important and must match index.html in the UI as well as the regex's in query-service -->\r\n        <pre>\r\n// JAEGER_CONFIG_JS\r\n\r\nJAEGER_CONFIG = DEFAULT_CONFIG;\r\n\r\nJAEGER_STORAGE_CAPABILITIES = {\"archiveStorage\":false};\r\n\r\nJAEGER_VERSION = {\"gitCommit\":\"\",\"gitVersion\":\"\",\"buildDate\":\"\"};\r\n        </pre>\r\n</body>\r\n</html>\r\n" does not contain "<div id=\"jaeger-ui-root\"></div>"
        	Test:       	TestAllInOne/checkWebUI/React_app
=== RUN   TestAllInOne/createTrace
    all_in_one_test.go:103: Executing HTTP GET http://0.0.0.0:16686/api/services
    all_in_one_test.go:148: Created trace 188b21a83b60c267a6811e831022eb7a
=== RUN   TestAllInOne/getAPITrace
    all_in_one_test.go:103: Executing HTTP GET http://0.0.0.0:16686/api/traces/188b21a83b60c267a6811e831022eb7a
    all_in_one_test.go:103: Executing HTTP GET http://0.0.0.0:16686/api/traces/188b21a83b60c267a6811e831022eb7a
=== RUN   TestAllInOne/getSamplingStrategy
    all_in_one_test.go:103: Executing HTTP GET http://0.0.0.0:5778/api/sampling?service=whatever
    all_in_one_test.go:173: Sampling strategy response: {"strategyType":0,"probabilisticSampling":{"samplingRate":1}}
=== RUN   TestAllInOne/getServicesAPIV3
    all_in_one_test.go:103: Executing HTTP GET http://0.0.0.0:16686/api/v3/services
--- FAIL: TestAllInOne (1.01s)
    --- PASS: TestAllInOne/healthCheckV2 (0.00s)
    --- FAIL: TestAllInOne/checkWebUI (0.00s)
        --- FAIL: TestAllInOne/checkWebUI/Static_files (0.00s)
        --- FAIL: TestAllInOne/checkWebUI/React_app (0.00s)
    --- PASS: TestAllInOne/createTrace (0.00s)
    --- PASS: TestAllInOne/getAPITrace (1.00s)
    --- PASS: TestAllInOne/getSamplingStrategy (0.00s)
    --- PASS: TestAllInOne/getServicesAPIV3 (0.00s)
FAIL
FAIL	github.com/jaegertracing/jaeger/cmd/jaeger/internal	1.380s
FAIL
